
Test10358.hs:5:14: Not in scope: ‘x’

Test10358.hs:5:16: Not in scope: ‘x’

Test10358.hs:6:12: Not in scope: ‘v’

Test10358.hs:6:14: Not in scope: ‘v’

Test10358.hs:6:16: Not in scope: ‘v’

Test10358.hs:7:12: Not in scope: ‘d’
