fun
fun'
case
f1'
lamda
lambda'
let
let'
newtype
newtype'
